// Jest Snapshot v1, https://goo.gl/fbAQLP

exports[`index reducer setState should set state 1`] = `
Object {
  "categories": Array [
    Object {
      "id": "meat",
      "name": "Meat",
    },
  ],
  "items": Array [
    Object {
      "category": "meat",
      "checked": false,
      "id": "steak",
      "name": "Steak",
    },
  ],
}
`;
